[17:06:06] calibrating on 60 rows from nq_validation_k25-202_600.jsonl; docs/row min=27 max=201
    k     p10  median     p90  clamped
    9    1370    1450    1531      0.0
   11    1673    1752    1845      0.0
   13    1979    2063    2179      0.0
   15    2280    2369    2497      0.0
   42    6350    6557    6752    0.067
   48    7110    7509    7719    0.083
   52    7554    8131    8365    0.117
   56    7554    8769    8990     0.15
{
  "9": {
    "p10": 1370,
    "median": 1450,
    "p90": 1531,
    "clamped_frac": 0.0
  },
  "11": {
    "p10": 1673,
    "median": 1752,
    "p90": 1845,
    "clamped_frac": 0.0
  },
  "13": {
    "p10": 1979,
    "median": 2063,
    "p90": 2179,
    "clamped_frac": 0.0
  },
  "15": {
    "p10": 2280,
    "median": 2369,
    "p90": 2497,
    "clamped_frac": 0.0
  },
  "42": {
    "p10": 6350,
    "median": 6557,
    "p90": 6752,
    "clamped_frac": 0.067
  },
  "48": {
    "p10": 7110,
    "median": 7509,
    "p90": 7719,
    "clamped_frac": 0.083
  },
  "52": {
    "p10": 7554,
    "median": 8131,
    "p90": 8365,
    "clamped_frac": 0.117
  },
  "56": {
    "p10": 7554,
    "median": 8769,
    "p90": 8990,
    "clamped_frac": 0.15
  }
}
