W0713 20:36:52.152000 3147021 site-packages/torch/distributed/run.py:803] 
W0713 20:36:52.152000 3147021 site-packages/torch/distributed/run.py:803] *****************************************
W0713 20:36:52.152000 3147021 site-packages/torch/distributed/run.py:803] Setting OMP_NUM_THREADS environment variable for each process to be 1 in default, to avoid your system being overloaded, please further tune the variable for optimal performance in your application as needed. 
W0713 20:36:52.152000 3147021 site-packages/torch/distributed/run.py:803] *****************************************
Setting env var 'TORCH_NCCL_AVOID_RECORD_STREAMS' to '1'
Setting env var 'TORCH_DIST_INIT_BARRIER' to '1'
Setting env var 'TORCH_NCCL_AVOID_RECORD_STREAMS' to '1'
Setting env var 'TORCH_DIST_INIT_BARRIER' to '1'
Setting env var 'TORCH_NCCL_AVOID_RECORD_STREAMS' to '1'
Setting env var 'TORCH_DIST_INIT_BARRIER' to '1'
Setting env var 'TORCH_NCCL_AVOID_RECORD_STREAMS' to '1'
Setting env var 'TORCH_DIST_INIT_BARRIER' to '1'
Initializing process group with timeout=datetime.timedelta(seconds=900)...
Initializing process group with timeout=datetime.timedelta(seconds=900)...
Initializing process group with timeout=datetime.timedelta(seconds=900)...
Initializing process group with timeout=datetime.timedelta(seconds=900)...
[Gloo] Rank 0 is connected to 3 peer ranks. Expected number of connected peer ranks is : 3
[Gloo] Rank 2 is connected to 3 peer ranks. Expected number of connected peer ranks is : 3
[Gloo] Rank 1 is connected to 3 peer ranks. Expected number of connected peer ranks is : 3
[Gloo] Rank 3 is connected to 3 peer ranks. Expected number of connected peer ranks is : 3
[W713 20:37:02.920267573 ProcessGroupNCCL.cpp:924] Warning: TORCH_NCCL_AVOID_RECORD_STREAMS is the default now, this environment variable is thus deprecated. (function operator())
[W713 20:37:02.920278149 ProcessGroupNCCL.cpp:924] Warning: TORCH_NCCL_AVOID_RECORD_STREAMS is the default now, this environment variable is thus deprecated. (function operator())
[W713 20:37:02.920304353 ProcessGroupNCCL.cpp:924] Warning: TORCH_NCCL_AVOID_RECORD_STREAMS is the default now, this environment variable is thus deprecated. (function operator())
[W713 20:37:02.920455001 ProcessGroupNCCL.cpp:924] Warning: TORCH_NCCL_AVOID_RECORD_STREAMS is the default now, this environment variable is thus deprecated. (function operator())
Global rank 0 = local rank 0 = file system local rank 0
Global rank 2 = local rank 2 = file system local rank 2
Global rank 3 = local rank 3 = file system local rank 3
Global rank 1 = local rank 1 = file system local rank 1
2026-07-13 20:37:02.222	cubbins:3	olmo_core.utils:237	WARNING	Will skip setting env var 'OMP_NUM_THREADS' since it's already set to '8'
2026-07-13 20:37:02.222	cubbins:0	olmo_core.utils:237	WARNING	Will skip setting env var 'OMP_NUM_THREADS' since it's already set to '8'
2026-07-13 20:37:02.222	cubbins:2	olmo_core.utils:237	WARNING	Will skip setting env var 'OMP_NUM_THREADS' since it's already set to '8'
2026-07-13 20:37:02.222	cubbins:0	olmo_core.utils:237	INFO	Env var 'TOKENIZERS_PARALLELISM' already set to 'false'
2026-07-13 20:37:02.222	cubbins:0	olmo_core.train:148	INFO	Using distributed backend cpu:gloo,cuda:nccl
2026-07-13 20:37:02.222	cubbins:1	olmo_core.utils:237	WARNING	Will skip setting env var 'OMP_NUM_THREADS' since it's already set to '8'
2026-07-13 20:37:02.225	cubbins:0	olmo_core.nn.transformer.config:373	INFO	Building transformer with 751,632,384 total params, 596,049,920 non-embedding params
2026-07-13 20:37:02.228	cubbins:0	olmo_core.nn.attention:1009	INFO	Using attention backend 'flash_2'
2026-07-13 20:37:02.229	cubbins:0	olmo_core.nn.attention:1009	INFO	Using attention backend 'flash_2'
2026-07-13 20:37:02.230	cubbins:0	olmo_core.nn.attention:1009	INFO	Using attention backend 'flash_2'
2026-07-13 20:37:02.230	cubbins:0	olmo_core.nn.attention:1009	INFO	Using attention backend 'flash_2'
2026-07-13 20:37:02.231	cubbins:0	olmo_core.nn.attention:1009	INFO	Using attention backend 'flash_2'
2026-07-13 20:37:02.232	cubbins:0	olmo_core.nn.attention:1009	INFO	Using attention backend 'flash_2'
2026-07-13 20:37:02.233	cubbins:0	olmo_core.nn.attention:1009	INFO	Using attention backend 'flash_2'
2026-07-13 20:37:02.234	cubbins:0	olmo_core.nn.attention:1009	INFO	Using attention backend 'flash_2'
2026-07-13 20:37:02.235	cubbins:0	olmo_core.nn.attention:1009	INFO	Using attention backend 'flash_2'
2026-07-13 20:37:02.235	cubbins:0	olmo_core.nn.attention:1009	INFO	Using attention backend 'flash_2'
2026-07-13 20:37:02.236	cubbins:0	olmo_core.nn.attention:1009	INFO	Using attention backend 'flash_2'
2026-07-13 20:37:02.237	cubbins:0	olmo_core.nn.attention:1009	INFO	Using attention backend 'flash_2'
2026-07-13 20:37:02.238	cubbins:0	olmo_core.nn.attention:1009	INFO	Using attention backend 'flash_2'
2026-07-13 20:37:02.239	cubbins:0	olmo_core.nn.attention:1009	INFO	Using attention backend 'flash_2'
2026-07-13 20:37:02.240	cubbins:0	olmo_core.nn.attention:1009	INFO	Using attention backend 'flash_2'
2026-07-13 20:37:02.241	cubbins:0	olmo_core.nn.attention:1009	INFO	Using attention backend 'flash_2'
2026-07-13 20:37:02.242	cubbins:0	olmo_core.nn.attention:1009	INFO	Using attention backend 'flash_2'
2026-07-13 20:37:02.243	cubbins:0	olmo_core.nn.attention:1009	INFO	Using attention backend 'flash_2'
2026-07-13 20:37:02.244	cubbins:0	olmo_core.nn.attention:1009	INFO	Using attention backend 'flash_2'
2026-07-13 20:37:02.245	cubbins:0	olmo_core.nn.attention:1009	INFO	Using attention backend 'flash_2'
2026-07-13 20:37:02.246	cubbins:0	olmo_core.nn.attention:1009	INFO	Using attention backend 'flash_2'
2026-07-13 20:37:02.246	cubbins:0	olmo_core.nn.attention:1009	INFO	Using attention backend 'flash_2'
2026-07-13 20:37:02.247	cubbins:0	olmo_core.nn.attention:1009	INFO	Using attention backend 'flash_2'
2026-07-13 20:37:02.248	cubbins:0	olmo_core.nn.attention:1009	INFO	Using attention backend 'flash_2'
2026-07-13 20:37:02.249	cubbins:0	olmo_core.nn.attention:1009	INFO	Using attention backend 'flash_2'
2026-07-13 20:37:02.250	cubbins:0	olmo_core.nn.attention:1009	INFO	Using attention backend 'flash_2'
2026-07-13 20:37:02.250	cubbins:0	olmo_core.nn.attention:1009	INFO	Using attention backend 'flash_2'
2026-07-13 20:37:02.251	cubbins:0	olmo_core.nn.attention:1009	INFO	Using attention backend 'flash_2'
2026-07-13 20:37:02.253	cubbins:0	olmo_core.nn.transformer.config:446	INFO	Transformer(
  (embeddings): Embedding(151936, 1024)
  (blocks): ModuleDict(
    (0): TransformerBlock(
      (attention): Attention(
        (w_q): Linear(in_features=1024, out_features=2048, bias=False)
        (w_k): Linear(in_features=1024, out_features=1024, bias=False)
        (w_v): Linear(in_features=1024, out_features=1024, bias=False)
        (w_out): Linear(in_features=2048, out_features=1024, bias=False)
        (q_norm): QwenRMSNorm((128,), eps=1e-06)
        (k_norm): QwenRMSNorm((128,), eps=1e-06)
        (rope): RotaryEmbedding()
        (backend): FlashAttention2Backend()
      )
      (attention_norm): QwenRMSNorm((1024,), eps=1e-06)
      (attention_residual_stream): ResidualStream(
        (dropout): Identity()
      )
      (feed_forward): FeedForward(
        (w1): Linear(in_features=1024, out_features=3072, bias=False)
        (w2): Linear(in_features=3072, out_features=1024, bias=False)
        (w3): Linear(in_features=1024, out_features=3072, bias=False)
      )
      (feed_forward_norm): QwenRMSNorm((1024,), eps=1e-06)
      (feed_forward_residual_stream): ResidualStream(
        (dropout): Identity()
      )
    )
    (1): TransformerBlock(
      (attention): Attention(
        (w_q): Linear(in_features=1024, out_features=2048, bias=False)
        (w_k): Linear(in_features=1024, out_features=1024, bias=False)
        (w_v): Linear(in_features=1024, out_features=1024, bias=False)
        (w_out): Linear(in_features=2048, out_features=1024, bias=False)
        (q_norm): QwenRMSNorm((128,), eps=1e-06)
        (k_norm): QwenRMSNorm((128,), eps=1e-06)
        (rope): RotaryEmbedding()
        (backend): FlashAttention2Backend()
      )
      (attention_norm): QwenRMSNorm((1024,), eps=1e-06)
      (attention_residual_stream): ResidualStream(
        (dropout): Identity()
      )
      (feed_forward): FeedForward(
        (w1): Linear(in_features=1024, out_features=3072, bias=False)
        (w2): Linear(in_features=3072, out_features=1024, bias=False)
        (w3): Linear(in_features=1024, out_features=3072, bias=False)
      )
      (feed_forward_norm): QwenRMSNorm((1024,), eps=1e-06)
      (feed_forward_residual_stream): ResidualStream(
        (dropout): Identity()
      )
    )
    (2): TransformerBlock(
      (attention): Attention(
        (w_q): Linear(in_features=1024, out_features=2048, bias=False)
        (w_k): Linear(in_features=1024, out_features=1024, bias=False)
        (w_v): Linear(in_features=1024, out_features=1024, bias=False)
        (w_out): Linear(in_features=2048, out_features=1024, bias=False)
        (q_norm): QwenRMSNorm((128,), eps=1e-06)
        (k_norm): QwenRMSNorm((128,), eps=1e-06)
        (rope): RotaryEmbedding()
        (backend): FlashAttention2Backend()
      )
      (attention_norm): QwenRMSNorm((1024,), eps=1e-06)
      (attention_residual_stream): ResidualStream(
        (dropout): Identity()
      )
      (feed_forward): FeedForward(
        (w1): Linear(in_features=1024, out_features=3072, bias=False)
        (w2): Linear(in_features=3072, out_features=1024, bias=False)
        (w3): Linear(in_features=1024, out_features=3072, bias=False)
      )
      (feed_forward_norm): QwenRMSNorm((1024,), eps=1e-06)
      (feed_forward_residual_stream): ResidualStream(
        (dropout): Identity()
      )
    )
    (3): TransformerBlock(
      (attention): Attention(
        (w_q): Linear(in_features=1024, out_features=2048, bias=False)
        (w_k): Linear(in_features=1024, out_features=1024, bias=False)
        (w_v): Linear(in_features=1024, out_features=1024, bias=False)
        (w_out): Linear(in_features=2048, out_features=1024, bias=False)
        (q_norm): QwenRMSNorm((128,), eps=1e-06)
        (k_norm): QwenRMSNorm((128,), eps=1e-06)
        (rope): RotaryEmbedding()
        (backend): FlashAttention2Backend()
      )
      (attention_norm): QwenRMSNorm((1024,), eps=1e-06)
      (attention_residual_stream): ResidualStream(
        (dropout): Identity()
      )
      (feed_forward): FeedForward(
        (w1): Linear(in_features=1024, out_features=3072, bias=False)
        (w2): Linear(in_features=3072, out_features=1024, bias=False)
        (w3): Linear(in_features=1024, out_features=3072, bias=False)
      )
      (feed_forward_norm): QwenRMSNorm((1024,), eps=1e-06)
      (feed_forward_residual_stream): ResidualStream(
        (dropout): Identity()
      )
    )
    (4): TransformerBlock(
      (attention): Attention(
        (w_q): Linear(in_features=1024, out_features=2048, bias=False)
        (w_k): Linear(in_features=1024, out_features=1024, bias=False)
        (w_v): Linear(in_features=1024, out_features=1024, bias=False)
        (w_out): Linear(in_features=2048, out_features=1024, bias=False)
        (q_norm): QwenRMSNorm((128,), eps=1e-06)
        (k_norm): QwenRMSNorm((128,), eps=1e-06)
        (rope): RotaryEmbedding()
        (backend): FlashAttention2Backend()
      )
      (attention_norm): QwenRMSNorm((1024,), eps=1e-06)
      (attention_residual_stream): ResidualStream(
        (dropout): Identity()
      )
      (feed_forward): FeedForward(
        (w1): Linear(in_features=1024, out_features=3072, bias=False)
        (w2): Linear(in_features=3072, out_features=1024, bias=False)
        (w3): Linear(in_features=1024, out_features=3072, bias=False)
      )
      (feed_forward_norm): QwenRMSNorm((1024,), eps=1e-06)
      (feed_forward_residual_stream): ResidualStream(
        (dropout): Identity()
      )
    )
    (5): TransformerBlock(
      (attention): Attention(
        (w_q): Linear(in_features=1024, out_features=2048, bias=False)
        (w_k): Linear(in_features=1024, out_features=1024, bias=False)
        (w_v): Linear(in_features=1024, out_features=1024, bias=False)
        (w_out): Linear(in_features=2048, out_features=1024, bias=False)
        (q_norm): QwenRMSNorm((128,), eps=1e-06)
        (k_norm): QwenRMSNorm((128,), eps=1e-06)
        (rope): RotaryEmbedding()
        (backend): FlashAttention2Backend()
      )
      (attention_norm): QwenRMSNorm((1024,), eps=1e-06)
      (attention_residual_stream): ResidualStream(
        (dropout): Identity()
      )
      (feed_forward): FeedForward(
        (w1): Linear(in_features=1024, out_features=3072, bias=False)
        (w2): Linear(in_features=3072, out_features=1024, bias=False)
        (w3): Linear(in_features=1024, out_features=3072, bias=False)
      )
      (feed_forward_norm): QwenRMSNorm((1024,), eps=1e-06)
      (feed_forward_residual_stream): ResidualStream(
        (dropout): Identity()
      )
    )
    (6): TransformerBlock(
      (attention): Attention(
        (w_q): Linear(in_features=1024, out_features=2048, bias=False)
        (w_k): Linear(in_features=1024, out_features=1024, bias=False)
        (w_v): Linear(in_features=1024, out_features=1024, bias=False)
        (w_out): Linear(in_features=2048, out_features=1024, bias=False)
        (q_norm): QwenRMSNorm((128,), eps=1e-06)
        (k_norm): QwenRMSNorm((128,), eps=1e-06)
        (rope): RotaryEmbedding()
        (backend): FlashAttention2Backend()
      )
      (attention_norm): QwenRMSNorm((1024,), eps=1e-06)
      (attention_residual_stream): ResidualStream(
        (dropout): Identity()
      )
      (feed_forward): FeedForward(
        (w1): Linear(in_features=1024, out_features=3072, bias=False)
        (w2): Linear(in_features=3072, out_features=1024, bias=False)
        (w3): Linear(in_features=1024, out_features=3072, bias=False)
      )
      (feed_forward_norm): QwenRMSNorm((1024,), eps=1e-06)
      (feed_forward_residual_stream): ResidualStream(
        (dropout): Identity()
      )
    )
    (7): TransformerBlock(
      (attention): Attention(
        (w_q): Linear(in_features=1024, out_features=2048, bias=False)
        (w_k): Linear(in_features=1024, out_features=1024, bias=False)
        (w_v): Linear(in_features=1024, out_features=1024, bias=False)
        (w_out): Linear(in_features=2048, out_features=1024, bias=False)
        (q_norm): QwenRMSNorm((128,), eps=1e-06)
        (k_norm): QwenRMSNorm((128,), eps=1e-06)
        (rope): RotaryEmbedding()
        (backend): FlashAttention2Backend()
      )
      (attention_norm): QwenRMSNorm((1024,), eps=1e-06)
      (attention_residual_stream): ResidualStream(
        (dropout): Identity()
      )
      (feed_forward): FeedForward(
        (w1): Linear(in_features=1024, out_features=3072, bias=False)
        (w2): Linear(in_features=3072, out_features=1024, bias=False)
        (w3): Linear(in_features=1024, out_features=3072, bias=False)
      )
      (feed_forward_norm): QwenRMSNorm((1024,), eps=1e-06)
      (feed_forward_residual_stream): ResidualStream(
        (dropout): Identity()
      )
    )
    (8): TransformerBlock(
      (attention): Attention(
        (w_q): Linear(in_features=1024, out_features=2048, bias=False)
        (w_k): Linear(in_features=1024, out_features=1024, bias=False)
        (w_v): Linear(in_features=1024, out_features=1024, bias=False)
        (w_out): Linear(in_features=2048, out_features=1024, bias=False)
        (q_norm): QwenRMSNorm((128,), eps=1e-06)
        (k_norm): QwenRMSNorm((128,), eps=1e-06)
        (rope): RotaryEmbedding()
        (backend): FlashAttention2Backend()
      )
      (attention_norm): QwenRMSNorm((1024,), eps=1e-06)
      (attention_residual_stream): ResidualStream(
        (dropout): Identity()
      )
      (feed_forward): FeedForward(
        (w1): Linear(in_features=1024, out_features=3072, bias=False)
        (w2): Linear(in_features=3072, out_features=1024, bias=False)
        (w3): Linear(in_features=1024, out_features=3072, bias=False)
      )
      (feed_forward_norm): QwenRMSNorm((1024,), eps=1e-06)
      (feed_forward_residual_stream): ResidualStream(
        (dropout): Identity()
      )
    )
    (9): TransformerBlock(
      (attention): Attention(
        (w_q): Linear(in_features=1024, out_features=2048, bias=False)
        (w_k): Linear(in_features=1024, out_features=1024, bias=False)
        (w_v): Linear(in_features=1024, out_features=1024, bias=False)
        (w_out): Linear(in_features=2048, out_features=1024, bias=False)
        (q_norm): QwenRMSNorm((128,), eps=1e-06)
        (k_norm): QwenRMSNorm((128,), eps=1e-06)
        (rope): RotaryEmbedding()
        (backend): FlashAttention2Backend()
      )
      (attention_norm): QwenRMSNorm((1024,), eps=1e-06)
      (attention_residual_stream): ResidualStream(
        (dropout): Identity()
      )
      (feed_forward): FeedForward(
        (w1): Linear(in_features=1024, out_features=3072, bias=False)
        (w2): Linear(in_features=3072, out_features=1024, bias=False)
        (w3): Linear(in_features=1024, out_features=3072, bias=False)
      )
      (feed_forward_norm): QwenRMSNorm((1024,), eps=1e-06)
      (feed_forward_residual_stream): ResidualStream(
        (dropout): Identity()
      )
    )
    (10): TransformerBlock(
      (attention): Attention(
        (w_q): Linear(in_features=1024, out_features=2048, bias=False)
        (w_k): Linear(in_features=1024, out_features=1024, bias=False)
        (w_v): Linear(in_features=1024, out_features=1024, bias=False)
        (w_out): Linear(in_features=2048, out_features=1024, bias=False)
        (q_norm): QwenRMSNorm((128,), eps=1e-06)
        (k_norm): QwenRMSNorm((128,), eps=1e-06)
        (rope): RotaryEmbedding()
        (backend): FlashAttention2Backend()
      )
      (attention_norm): QwenRMSNorm((1024,), eps=1e-06)
      (attention_residual_stream): ResidualStream(
        (dropout): Identity()
      )
      (feed_forward): FeedForward(
        (w1): Linear(in_features=1024, out_features=3072, bias=False)
        (w2): Linear(in_features=3072, out_features=1024, bias=False)
        (w3): Linear(in_features=1024, out_features=3072, bias=False)
      )
      (feed_forward_norm): QwenRMSNorm((1024,), eps=1e-06)
      (feed_forward_residual_stream): ResidualStream(
        (dropout): Identity()
      )
    )
    (11): TransformerBlock(
      (attention): Attention(
        (w_q): Linear(in_features=1024, out_features=2048, bias=False)
        (w_k): Linear(in_features=1024, out_features=1024, bias=False)
        (w_v): Linear(in_features=1024, out_features=1024, bias=False)
        (w_out): Linear(in_features=2048, out_features=1024, bias=False)
        (q_norm): QwenRMSNorm((128,), eps=1e-06)
        (k_norm): QwenRMSNorm((128,), eps=1e-06)
        (rope): RotaryEmbedding()
        (backend): FlashAttention2Backend()
      )
      (attention_norm): QwenRMSNorm((1024,), eps=1e-06)
      (attention_residual_stream): ResidualStream(
        (dropout): Identity()
      )
      (feed_forward): FeedForward(
        (w1): Linear(in_features=1024, out_features=3072, bias=False)
        (w2): Linear(in_features=3072, out_features=1024, bias=False)
        (w3): Linear(in_features=1024, out_features=3072, bias=False)
      )
      (feed_forward_norm): QwenRMSNorm((1024,), eps=1e-06)
      (feed_forward_residual_stream): ResidualStream(
        (dropout): Identity()
      )
    )
    (12): TransformerBlock(
      (attention): Attention(
        (w_q): Linear(in_features=1024, out_features=2048, bias=False)
        (w_k): Linear(in_features=1024, out_features=1024, bias=False)
        (w_v): Linear(in_features=1024, out_features=1024, bias=False)
        (w_out): Linear(in_features=2048, out_features=1024, bias=False)
        (q_norm): QwenRMSNorm((128,), eps=1e-06)
        (k_norm): QwenRMSNorm((128,), eps=1e-06)
        (rope): RotaryEmbedding()
        (backend): FlashAttention2Backend()
      )
      (attention_norm): QwenRMSNorm((1024,), eps=1e-06)
      (attention_residual_stream): ResidualStream(
        (dropout): Identity()
      )
      (feed_forward): FeedForward(
        (w1): Linear(in_features=1024, out_features=3072, bias=False)
        (w2): Linear(in_features=3072, out_features=1024, bias=False)
        (w3): Linear(in_features=1024, out_features=3072, bias=False)
      )
      (feed_forward_norm): QwenRMSNorm((1024,), eps=1e-06)
      (feed_forward_residual_stream): ResidualStream(
        (dropout): Identity()
      )
    )
    (13): TransformerBlock(
      (attention): Attention(
        (w_q): Linear(in_features=1024, out_features=2048, bias=False)
        (w_k): Linear(in_features=1024, out_features=1024, bias=False)
        (w_v): Linear(in_features=1024, out_features=1024, bias=False)
        (w_out): Linear(in_features=2048, out_features=1024, bias=False)
        (q_norm): QwenRMSNorm((128,), eps=1e-06)
        (k_norm): QwenRMSNorm((128,), eps=1e-06)
        (rope): RotaryEmbedding()
        (backend): FlashAttention2Backend()
      )
      (attention_norm): QwenRMSNorm((1024,), eps=1e-06)
      (attention_residual_stream): ResidualStream(
        (dropout): Identity()
      )
      (feed_forward): FeedForward(
        (w1): Linear(in_features=1024, out_features=3072, bias=False)
        (w2): Linear(in_features=3072, out_features=1024, bias=False)
        (w3): Linear(in_features=1024, out_features=3072, bias=False)
      )
      (feed_forward_norm): QwenRMSNorm((1024,), eps=1e-06)
      (feed_forward_residual_stream): ResidualStream(
        (dropout): Identity()
      )
    )
    (14): TransformerBlock(
      (attention): Attention(
        (w_q): Linear(in_features=1024, out_features=2048, bias=False)
        (w_k): Linear(in_features=1024, out_features=1024, bias=False)
        (w_v): Linear(in_features=1024, out_features=1024, bias=False)
        (w_out): Linear(in_features=2048, out_features=1024, bias=False)
        (q_norm): QwenRMSNorm((128,), eps=1e-06)
        (k_norm): QwenRMSNorm((128,), eps=1e-06)
        (rope): RotaryEmbedding()
        (backend): FlashAttention2Backend()
      )
      (attention_norm): QwenRMSNorm((1024,), eps=1e-06)
      (attention_residual_stream): ResidualStream(
        (dropout): Identity()
      )
      (feed_forward): FeedForward(
        (w1): Linear(in_features=1024, out_features=3072, bias=False)
        (w2): Linear(in_features=3072, out_features=1024, bias=False)
        (w3): Linear(in_features=1024, out_features=3072, bias=False)
      )
      (feed_forward_norm): QwenRMSNorm((1024,), eps=1e-06)
      (feed_forward_residual_stream): ResidualStream(
        (dropout): Identity()
      )
    )
    (15): TransformerBlock(
      (attention): Attention(
        (w_q): Linear(in_features=1024, out_features=2048, bias=False)
        (w_k): Linear(in_features=1024, out_features=1024, bias=False)
        (w_v): Linear(in_features=1024, out_features=1024, bias=False)
        (w_out): Linear(in_features=2048, out_features=1024, bias=False)
        (q_norm): QwenRMSNorm((128,), eps=1e-06)
        (k_norm): QwenRMSNorm((128,), eps=1e-06)
        (rope): RotaryEmbedding()
        (backend): FlashAttention2Backend()
      )
      (attention_norm): QwenRMSNorm((1024,), eps=1e-06)
      (attention_residual_stream): ResidualStream(
        (dropout): Identity()
      )
      (feed_forward): FeedForward(
        (w1): Linear(in_features=1024, out_features=3072, bias=False)
        (w2): Linear(in_features=3072, out_features=1024, bias=False)
        (w3): Linear(in_features=1024, out_features=3072, bias=False)
      )
      (feed_forward_norm): QwenRMSNorm((1024,), eps=1e-06)
      (feed_forward_residual_stream): ResidualStream(
        (dropout): Identity()
      )
    )
    (16): TransformerBlock(
      (attention): Attention(
        (w_q): Linear(in_features=1024, out_features=2048, bias=False)
        (w_k): Linear(in_features=1024, out_features=1024, bias=False)
        (w_v): Linear(in_features=1024, out_features=1024, bias=False)
        (w_out): Linear(in_features=2048, out_features=1024, bias=False)
        (q_norm): QwenRMSNorm((128,), eps=1e-06)
        (k_norm): QwenRMSNorm((128,), eps=1e-06)
        (rope): RotaryEmbedding()
        (backend): FlashAttention2Backend()
      )
      (attention_norm): QwenRMSNorm((1024,), eps=1e-06)
      (attention_residual_stream): ResidualStream(
        (dropout): Identity()
      )
      (feed_forward): FeedForward(
        (w1): Linear(in_features=1024, out_features=3072, bias=False)
        (w2): Linear(in_features=3072, out_features=1024, bias=False)
        (w3): Linear(in_features=1024, out_features=3072, bias=False)
      )
      (feed_forward_norm): QwenRMSNorm((1024,), eps=1e-06)
      (feed_forward_residual_stream): ResidualStream(
        (dropout): Identity()
      )
    )
    (17): TransformerBlock(
      (attention): Attention(
        (w_q): Linear(in_features=1024, out_features=2048, bias=False)
        (w_k): Linear(in_features=1024, out_features=1024, bias=False)
        (w_v): Linear(in_features=1024, out_features=1024, bias=False)
        (w_out): Linear(in_features=2048, out_features=1024, bias=False)
        (q_norm): QwenRMSNorm((128,), eps=1e-06)
        (k_norm): QwenRMSNorm((128,), eps=1e-06)
        (rope): RotaryEmbedding()
        (backend): FlashAttention2Backend()
      )
      (attention_norm): QwenRMSNorm((1024,), eps=1e-06)
      (attention_residual_stream): ResidualStream(
        (dropout): Identity()
      )
      (feed_forward): FeedForward(
        (w1): Linear(in_features=1024, out_features=3072, bias=False)
        (w2): Linear(in_features=3072, out_features=1024, bias=False)
        (w3): Linear(in_features=1024, out_features=3072, bias=False)
      )
      (feed_forward_norm): QwenRMSNorm((1024,), eps=1e-06)
      (feed_forward_residual_stream): ResidualStream(
        (dropout): Identity()
      )
    )
    (18): TransformerBlock(
      (attention): Attention(
        (w_q): Linear(in_features=1024, out_features=2048, bias=False)
        (w_k): Linear(in_features=1024, out_features=1024, bias=False)
        (w_v): Linear(in_features=1024, out_features=1024, bias=False)
        (w_out): Linear(in_features=2048, out_features=1024, bias=False)
        (q_norm): QwenRMSNorm((128,), eps=1e-06)
        (k_norm): QwenRMSNorm((128,), eps=1e-06)
        (rope): RotaryEmbedding()
        (backend): FlashAttention2Backend()
      )
      (attention_norm): QwenRMSNorm((1024,), eps=1e-06)
      (attention_residual_stream): ResidualStream(
        (dropout): Identity()
      )
      (feed_forward): FeedForward(
        (w1): Linear(in_features=1024, out_features=3072, bias=False)
        (w2): Linear(in_features=3072, out_features=1024, bias=False)
        (w3): Linear(in_features=1024, out_features=3072, bias=False)
      )
      (feed_forward_norm): QwenRMSNorm((1024,), eps=1e-06)
      (feed_forward_residual_stream): ResidualStream(
        (dropout): Identity()
      )
    )
    (19): TransformerBlock(
      (attention): Attention(
        (w_q): Linear(in_features=1024, out_features=2048, bias=False)
        (w_k): Linear(in_features=1024, out_features=1024, bias=False)
        (w_v): Linear(in_features=1024, out_features=1024, bias=False)
        (w_out): Linear(in_features=2048, out_features=1024, bias=False)
        (q_norm): QwenRMSNorm((128,), eps=1e-06)
        (k_norm): QwenRMSNorm((128,), eps=1e-06)
        (rope): RotaryEmbedding()
        (backend): FlashAttention2Backend()
      )
      (attention_norm): QwenRMSNorm((1024,), eps=1e-06)
      (attention_residual_stream): ResidualStream(
        (dropout): Identity()
      )
      (feed_forward): FeedForward(
        (w1): Linear(in_features=1024, out_features=3072, bias=False)
        (w2): Linear(in_features=3072, out_features=1024, bias=False)
        (w3): Linear(in_features=1024, out_features=3072, bias=False)
      )
      (feed_forward_norm): QwenRMSNorm((1024,), eps=1e-06)
      (feed_forward_residual_stream): ResidualStream(
        (dropout): Identity()
      )
    )
    (20): TransformerBlock(
      (attention): Attention(
        (w_q): Linear(in_features=1024, out_features=2048, bias=False)
        (w_k): Linear(in_features=1024, out_features=1024, bias=False)
        (w_v): Linear(in_features=1024, out_features=1024, bias=False)
        (w_out): Linear(in_features=2048, out_features=1024, bias=False)
        (q_norm): QwenRMSNorm((128,), eps=1e-06)
        (k_norm): QwenRMSNorm((128,), eps=1e-06)
        (rope): RotaryEmbedding()
        (backend): FlashAttention2Backend()
      )
      (attention_norm): QwenRMSNorm((1024,), eps=1e-06)
      (attention_residual_stream): ResidualStream(
        (dropout): Identity()
      )
      (feed_forward): FeedForward(
        (w1): Linear(in_features=1024, out_features=3072, bias=False)
        (w2): Linear(in_features=3072, out_features=1024, bias=False)
        (w3): Linear(in_features=1024, out_features=3072, bias=False)
      )
      (feed_forward_norm): QwenRMSNorm((1024,), eps=1e-06)
      (feed_forward_residual_stream): ResidualStream(
        (dropout): Identity()
      )
    )
    (21): TransformerBlock(
      (attention): Attention(
        (w_q): Linear(in_features=1024, out_features=2048, bias=False)
        (w_k): Linear(in_features=1024, out_features=1024, bias=False)
        (w_v): Linear(in_features=1024, out_features=1024, bias=False)
        (w_out): Linear(in_features=2048, out_features=1024, bias=False)
        (q_norm): QwenRMSNorm((128,), eps=1e-06)
        (k_norm): QwenRMSNorm((128,), eps=1e-06)
        (rope): RotaryEmbedding()
        (backend): FlashAttention2Backend()
      )
      (attention_norm): QwenRMSNorm((1024,), eps=1e-06)
      (attention_residual_stream): ResidualStream(
        (dropout): Identity()
      )
      (feed_forward): FeedForward(
        (w1): Linear(in_features=1024, out_features=3072, bias=False)
        (w2): Linear(in_features=3072, out_features=1024, bias=False)
        (w3): Linear(in_features=1024, out_features=3072, bias=False)
      )
      (feed_forward_norm): QwenRMSNorm((1024,), eps=1e-06)
      (feed_forward_residual_stream): ResidualStream(
        (dropout): Identity()
      )
    )
    (22): TransformerBlock(
      (attention): Attention(
        (w_q): Linear(in_features=1024, out_features=2048, bias=False)
        (w_k): Linear(in_features=1024, out_features=1024, bias=False)
        (w_v): Linear(in_features=1024, out_features=1024, bias=False)
        (w_out): Linear(in_features=2048, out_features=1024, bias=False)
        (q_norm): QwenRMSNorm((128,), eps=1e-06)
        (k_norm): QwenRMSNorm((128,), eps=1e-06)
        (rope): RotaryEmbedding()
        (backend): FlashAttention2Backend()
      )
      (attention_norm): QwenRMSNorm((1024,), eps=1e-06)
      (attention_residual_stream): ResidualStream(
        (dropout): Identity()
      )
      (feed_forward): FeedForward(
        (w1): Linear(in_features=1024, out_features=3072, bias=False)
        (w2): Linear(in_features=3072, out_features=1024, bias=False)
        (w3): Linear(in_features=1024, out_features=3072, bias=False)
      )
      (feed_forward_norm): QwenRMSNorm((1024,), eps=1e-06)
      (feed_forward_residual_stream): ResidualStream(
        (dropout): Identity()
      )
    )
    (23): TransformerBlock(
      (attention): Attention(
        (w_q): Linear(in_features=1024, out_features=2048, bias=False)
        (w_k): Linear(in_features=1024, out_features=1024, bias=False)
        (w_v): Linear(in_features=1024, out_features=1024, bias=False)
        (w_out): Linear(in_features=2048, out_features=1024, bias=False)
        (q_norm): QwenRMSNorm((128,), eps=1e-06)
        (k_norm): QwenRMSNorm((128,), eps=1e-06)
        (rope): RotaryEmbedding()
        (backend): FlashAttention2Backend()
      )
      (attention_norm): QwenRMSNorm((1024,), eps=1e-06)
      (attention_residual_stream): ResidualStream(
        (dropout): Identity()
      )
      (feed_forward): FeedForward(
        (w1): Linear(in_features=1024, out_features=3072, bias=False)
        (w2): Linear(in_features=3072, out_features=1024, bias=False)
        (w3): Linear(in_features=1024, out_features=3072, bias=False)
      )
      (feed_forward_norm): QwenRMSNorm((1024,), eps=1e-06)
      (feed_forward_residual_stream): ResidualStream(
        (dropout): Identity()
      )
    )
    (24): TransformerBlock(
      (attention): Attention(
        (w_q): Linear(in_features=1024, out_features=2048, bias=False)
        (w_k): Linear(in_features=1024, out_features=1024, bias=False)
        (w_v): Linear(in_features=1024, out_features=1024, bias=False)
        (w_out): Linear(in_features=2048, out_features=1024, bias=False)
        (q_norm): QwenRMSNorm((128,), eps=1e-06)
        (k_norm): QwenRMSNorm((128,), eps=1e-06)
        (rope): RotaryEmbedding()
        (backend): FlashAttention2Backend()
      )
      (attention_norm): QwenRMSNorm((1024,), eps=1e-06)
      (attention_residual_stream): ResidualStream(
        (dropout): Identity()
      )
      (feed_forward): FeedForward(
        (w1): Linear(in_features=1024, out_features=3072, bias=False)
        (w2): Linear(in_features=3072, out_features=1024, bias=False)
        (w3): Linear(in_features=1024, out_features=3072, bias=False)
      )
      (feed_forward_norm): QwenRMSNorm((1024,), eps=1e-06)
      (feed_forward_residual_stream): ResidualStream(
        (dropout): Identity()
      )
    )
    (25): TransformerBlock(
      (attention): Attention(
        (w_q): Linear(in_features=1024, out_features=2048, bias=False)
        (w_k): Linear(in_features=1024, out_features=1024, bias=False)
        (w_v): Linear(in_features=1024, out_features=1024, bias=False)
        (w_out): Linear(in_features=2048, out_features=1024, bias=False)
        (q_norm): QwenRMSNorm((128,), eps=1e-06)
        (k_norm): QwenRMSNorm((128,), eps=1e-06)
        (rope): RotaryEmbedding()
        (backend): FlashAttention2Backend()
      )
      (attention_norm): QwenRMSNorm((1024,), eps=1e-06)
      (attention_residual_stream): ResidualStream(
        (dropout): Identity()
      )
      (feed_forward): FeedForward(
        (w1): Linear(in_features=1024, out_features=3072, bias=False)
        (w2): Linear(in_features=3072, out_features=1024, bias=False)
        (w3): Linear(in_features=1024, out_features=3072, bias=False)
      )
      (feed_forward_norm): QwenRMSNorm((1024,), eps=1e-06)
      (feed_forward_residual_stream): ResidualStream(
        (dropout): Identity()
      )
    )
    (26): TransformerBlock(
      (attention): Attention(
        (w_q): Linear(in_features=1024, out_features=2048, bias=False)
        (w_k): Linear(in_features=1024, out_features=1024, bias=False)
        (w_v): Linear(in_features=1024, out_features=1024, bias=False)
        (w_out): Linear(in_features=2048, out_features=1024, bias=False)
        (q_norm): QwenRMSNorm((128,), eps=1e-06)
        (k_norm): QwenRMSNorm((128,), eps=1e-06)
        (rope): RotaryEmbedding()
        (backend): FlashAttention2Backend()
      )
      (attention_norm): QwenRMSNorm((1024,), eps=1e-06)
      (attention_residual_stream): ResidualStream(
        (dropout): Identity()
      )
      (feed_forward): FeedForward(
        (w1): Linear(in_features=1024, out_features=3072, bias=False)
        (w2): Linear(in_features=3072, out_features=1024, bias=False)
        (w3): Linear(in_features=1024, out_features=3072, bias=False)
      )
      (feed_forward_norm): QwenRMSNorm((1024,), eps=1e-06)
      (feed_forward_residual_stream): ResidualStream(
        (dropout): Identity()
      )
    )
    (27): TransformerBlock(
      (attention): Attention(
        (w_q): Linear(in_features=1024, out_features=2048, bias=False)
        (w_k): Linear(in_features=1024, out_features=1024, bias=False)
        (w_v): Linear(in_features=1024, out_features=1024, bias=False)
        (w_out): Linear(in_features=2048, out_features=1024, bias=False)
        (q_norm): QwenRMSNorm((128,), eps=1e-06)
        (k_norm): QwenRMSNorm((128,), eps=1e-06)
        (rope): RotaryEmbedding()
        (backend): FlashAttention2Backend()
      )
      (attention_norm): QwenRMSNorm((1024,), eps=1e-06)
      (attention_residual_stream): ResidualStream(
        (dropout): Identity()
      )
      (feed_forward): FeedForward(
        (w1): Linear(in_features=1024, out_features=3072, bias=False)
        (w2): Linear(in_features=3072, out_features=1024, bias=False)
        (w3): Linear(in_features=1024, out_features=3072, bias=False)
      )
      (feed_forward_norm): QwenRMSNorm((1024,), eps=1e-06)
      (feed_forward_residual_stream): ResidualStream(
        (dropout): Identity()
      )
    )
  )
  (lm_head): LMHead(
    (norm): QwenRMSNorm((1024,), eps=1e-06)
    (w_out): Linear(in_features=1024, out_features=151936, bias=False)
  )
)
2026-07-13 20:37:02.255	cubbins:0	olmo_core.nn.transformer.config:447	INFO	Built model with:
- 751,632,384 total params
- 596,049,920 non-embedding params
- 751,632,384 trainable params
2026-07-13 20:37:02.258	cubbins:0	olmo_core.distributed.parallel:246	INFO	Built 1D device mesh with shape (dp=4,)
2026-07-13 20:37:02.258	cubbins:0	olmo_core.train.train_module.transformer.train_module:141	INFO	Data parallel world size = 4
2026-07-13 20:37:02.356	cubbins:0	olmo_core.train.train_module.transformer.common:136	INFO	Applied FSDP to the model with 1D device mesh with shape (dp=4,)
2026-07-13 20:37:02.356	cubbins:0	olmo_core.train.train_module.transformer.common:147	INFO	Initializing model weights...
2026-07-13 20:37:04.112	cubbins:0	olmo_core.train.train_module.transformer.train_module:198	INFO	Building optimizer...
2026-07-13 20:37:04.114	cubbins:0	olmo_core.optim.config:202	INFO	Building SkipStepAdamW optimizer with 2 param group(s)...
2026-07-13 20:37:04.114	cubbins:0	olmo_core.optim.config:210	INFO	Group 0, 1 parameter(s):
 - weight_decay: 0.0
 - lr: 5e-05
 - betas: (0.9, 0.95)
 - eps: 1e-08
 - initial_lr: 5e-05
2026-07-13 20:37:04.114	cubbins:0	olmo_core.optim.config:210	INFO	Group 1, 310 parameter(s):
 - lr: 5e-05
 - betas: (0.9, 0.95)
 - eps: 1e-08
 - weight_decay: 0.0
 - initial_lr: 5e-05
[goldgrad] mode=full -> no gold-grad install (full-gradient baseline)
2026-07-13 20:37:04.114	cubbins:0	olmo_core.data.composable.numpy_document_source:778	INFO	Assuming dtype 'uint32' based on vocab size
2026-07-13 20:37:04.114	cubbins:0	olmo_core.data.composable.numpy_document_source:232	INFO	Expanding globs...
2026-07-13 20:37:04.157	cubbins:0	olmo_core.data.composable.numpy_document_source:257	INFO	Expanded '/scratch/users/prasann/longctx_sft_qwen/contradiction_n100_docdense_nocot_gold2k/token_ids_part_*.npy' into 1 paths:
- '/scratch/users/prasann/longctx_sft_qwen/contradiction_n100_docdense_nocot_gold2k/token_ids_part_000000.npy'
2026-07-13 20:37:04.157	cubbins:0	olmo_core.data.composable.numpy_document_source:232	INFO	Expanding globs...
2026-07-13 20:37:04.160	cubbins:0	olmo_core.data.composable.numpy_document_source:257	INFO	Expanded '/scratch/users/prasann/longctx_sft_qwen/contradiction_n100_docdense_nocot_gold2k/labels_mask_*.npy' into 1 paths:
- '/scratch/users/prasann/longctx_sft_qwen/contradiction_n100_docdense_nocot_gold2k/labels_mask_part_000000.npy'

 PadToLengthInstanceSource(9b11d49): 12.3M tokens
└─  NumpyDocumentSource(023cecb): 9.4M tokens [/scratch/user...cdense_nocot_gold2k/token_ids_part_*.npy]

2026-07-13 20:37:04.190	cubbins:0	olmo_core.train.trainer:373	INFO	Creating new process group for async bookkeeping
[Gloo] Rank 0 is connected to 3 peer ranks. Expected number of connected peer ranks is : 3
[Gloo] Rank 1 is connected to 3 peer ranks. Expected number of connected peer ranks is : 3
[Gloo] Rank 3 is connected to 3 peer ranks. Expected number of connected peer ranks is : 3[Gloo] Rank 
2 is connected to 3 peer ranks. Expected number of connected peer ranks is : 3
2026-07-13 20:37:04.209	cubbins:0	olmo_core.train.trainer:901	INFO	Loading checkpoint from '/scratch/users/prasann/cpt_mix_ckpts/q06b-dense-cpt-modelonly-fixmark/model_and_optim'...
2026-07-13 20:37:06.843	cubbins:0	olmo_core.train.trainer:922	INFO	Checkpoint successfully loaded
2026-07-13 20:37:06.849	cubbins:0	olmo_core.train.trainer:713	INFO	Callback order:
2026-07-13 20:37:06.849	cubbins:0	olmo_core.train.trainer:715	INFO	  - Callback 1: checkpointer
2026-07-13 20:37:06.849	cubbins:0	olmo_core.train.trainer:715	INFO	  - Callback 2: config_saver
2026-07-13 20:37:06.849	cubbins:0	olmo_core.train.trainer:715	INFO	  - Callback 3: console_logger
2026-07-13 20:37:06.849	cubbins:0	olmo_core.train.trainer:715	INFO	  - Callback 4: garbage_collector
2026-07-13 20:37:06.849	cubbins:0	olmo_core.train.trainer:715	INFO	  - Callback 5: gpu_monitor
2026-07-13 20:37:06.849	cubbins:0	olmo_core.train.trainer:715	INFO	  - Callback 6: speed_monitor
2026-07-13 20:37:06.849	cubbins:0	olmo_core.train.trainer:718	INFO	Training for 250 steps
2026-07-13 20:37:06.849	cubbins:0	olmo_core.train.callbacks.checkpointer:229	INFO	Creating new process group for checkpointing (needed for async checkpointing)
[Gloo] Rank 0 is connected to 3 peer ranks. Expected number of connected peer ranks is : 3
[Gloo] Rank 1 is connected to 3 peer ranks. Expected number of connected peer ranks is : 3
[Gloo] Rank 3[Gloo] Rank  is connected to 32 peer ranks.  is connected to Expected number of connected peer ranks is : 33 peer ranks. 
Expected number of connected peer ranks is : 3
2026-07-13 20:37:06.864	cubbins:0	olmo_core.train.callbacks.garbage_collector:33	INFO	Automatic GC disabled for training, will run GC every 1000 steps
2026-07-13 20:37:06.864	cubbins:0	olmo_core.train.callbacks.gpu_memory_monitor:41	INFO	GPU capacity: NVIDIA H200 with 139.80GiB memory of which 0.87GiB is currently allocated and 1.45GiB is currently reserved.
2026-07-13 20:37:06.864	cubbins:0	olmo_core.train.callbacks.speed_monitor:114	INFO	Device: NVIDIA H200, Device peak Flops/s: 312000000000000
2026-07-13 20:37:06.870	cubbins:0	olmo_core.train.trainer:1452	INFO	Starting forward/backward dry-run batch...
2026-07-13 20:37:07.605	cubbins:0	olmo_core.train.trainer:1454	INFO	Dry-run complete
2026-07-13 20:37:07.605	cubbins:0	olmo_core.data.composable.data_loader:575	INFO	Saving global data order indices for seed 34521 and epoch 1 to:
'/data/prasann/goldgrad/cache-bench-n100/global_indices_epoch1_max_seq_len6144_seed34521_seq_len6144_shuffleinter_source_size2000_v1.npy'...
2026-07-13 20:37:07.659	cubbins:0	olmo_core.data.composable.data_loader:585	INFO	Global data order indices saved to:
'/data/prasann/goldgrad/cache-bench-n100/global_indices_epoch1_max_seq_len6144_seed34521_seq_len6144_shuffleinter_source_size2000_v1.npy'
2026-07-13 20:37:07.659	cubbins:0	olmo_core.train.trainer:1459	INFO	Starting epoch 1...
2026-07-13 20:37:08.603	cubbins:0	olmo_core.train.callbacks.console_logger:68	INFO	[step=1/250,epoch=1]
    gpu_memory/GPU active mem (%)=17.63
    gpu_memory/GPU active mem (GiB)=24.64
    gpu_memory/GPU reserved mem (%)=21.71
    gpu_memory/GPU reserved mem (GiB)=30.36
    optim/LR (group 0)=6.25E-06
    optim/LR (group 1)=6.25E-06
    optim/step skipped=0.0
    optim/total grad norm=30.08
    train/CE loss=3.233
    throughput/device/data loading (s)=0.0085
    train/PPL=25.36
2026-07-13 20:37:08.985	cubbins:0	olmo_core.train.callbacks.console_logger:61	INFO	[step=2/250,epoch=1]
2026-07-13 20:37:09.380	cubbins:0	olmo_core.train.callbacks.console_logger:61	INFO	[step=3/250,epoch=1]
2026-07-13 20:37:09.784	cubbins:0	olmo_core.train.callbacks.console_logger:61	INFO	[step=4/250,epoch=1]
2026-07-13 20:37:10.180	cubbins:0	olmo_core.train.callbacks.console_logger:61	INFO	[step=5/250,epoch=1]
2026-07-13 20:37:10.576	cubbins:0	olmo_core.train.callbacks.console_logger:61	INFO	[step=6/250,epoch=1]
2026-07-13 20:37:10.973	cubbins:0	olmo_core.train.callbacks.console_logger:61	INFO	[step=7/250,epoch=1]
2026-07-13 20:37:11.374	cubbins:0	olmo_core.train.callbacks.console_logger:61	INFO	[step=8/250,epoch=1]
2026-07-13 20:37:11.771	cubbins:0	olmo_core.train.callbacks.console_logger:61	INFO	[step=9/250,epoch=1]
2026-07-13 20:37:12.192	cubbins:0	olmo_core.train.callbacks.console_logger:68	INFO	[step=10/250,epoch=1,eta=1m(hard stop)]
    gpu_memory/GPU active mem (%)=18.65
    gpu_memory/GPU active mem (GiB)=26.07
    gpu_memory/GPU reserved mem (%)=21.71
    gpu_memory/GPU reserved mem (GiB)=30.36
    optim/LR (group 0)=4.96E-05
    optim/LR (group 1)=4.96E-05
    optim/step skipped=0.0
    optim/total grad norm=8.683
    throughput/chinchilla multiple=4.12E-05
    throughput/device/BPS=2.538
    throughput/device/BPS (actual avg)=2.521
    throughput/device/MFU=78.00
    throughput/device/MFU (actual avg)=77.48
    throughput/device/TPS=31,183
    throughput/device/TPS (actual avg)=30,975
    throughput/device/flopsPS=243.4T
    throughput/device/flopsPS (actual avg)=241.7T
    throughput/total petaflops=3.836
    throughput/total tokens=491,520
    train/CE loss=0.9741
    throughput/device/data loading (%)=0.2301
    throughput/device/data loading (s)=0.0009
    train/PPL=2.649
2026-07-13 20:37:12.566	cubbins:0	olmo_core.train.callbacks.console_logger:61	INFO	[step=11/250,epoch=1]
2026-07-13 20:37:12.961	cubbins:0	olmo_core.train.callbacks.console_logger:61	INFO	[step=12/250,epoch=1]
2026-07-13 20:37:13.358	cubbins:0	olmo_core.train.callbacks.console_logger:61	INFO	[step=13/250,epoch=1]
2026-07-13 20:37:13.752	cubbins:0	olmo_core.train.callbacks.console_logger:61	INFO	[step=14/250,epoch=1]
2026-07-13 20:37:14.147	cubbins:0	olmo_core.train.callbacks.console_logger:61	INFO	[step=15/250,epoch=1]
2026-07-13 20:37:14.542	cubbins:0	olmo_core.train.callbacks.console_logger:61	INFO	[step=16/250,epoch=1]
2026-07-13 20:37:14.936	cubbins:0	olmo_core.train.callbacks.console_logger:61	INFO	[step=17/250,epoch=1]
2026-07-13 20:37:15.330	cubbins:0	olmo_core.train.callbacks.console_logger:61	INFO	[step=18/250,epoch=1]
2026-07-13 20:37:15.725	cubbins:0	olmo_core.train.callbacks.console_logger:61	INFO	[step=19/250,epoch=1]
2026-07-13 20:37:16.154	cubbins:0	olmo_core.train.callbacks.console_logger:68	INFO	[step=20/250,epoch=1,eta=1m(hard stop)]
    gpu_memory/GPU active mem (%)=18.65
    gpu_memory/GPU active mem (GiB)=26.07
    gpu_memory/GPU reserved mem (%)=21.71
    gpu_memory/GPU reserved mem (GiB)=30.36
    optim/LR (group 0)=4.75E-05
    optim/LR (group 1)=4.75E-05
    optim/step skipped=0.0
    optim/total grad norm=5.863
    throughput/chinchilla multiple=8.25E-05
    throughput/device/BPS=2.536
    throughput/device/BPS (actual avg)=2.525
    throughput/device/MFU=77.94
    throughput/device/MFU (actual avg)=77.60
    throughput/device/TPS=31,161
    throughput/device/TPS (actual avg)=31,025
    throughput/device/flopsPS=243.2T
    throughput/device/flopsPS (actual avg)=242.1T
    throughput/total petaflops=7.671
    throughput/total tokens=983,040
    train/CE loss=0.8224
    throughput/device/data loading (%)=0.2464
    throughput/device/data loading (s)=0.0010
    train/PPL=2.276
2026-07-13 20:37:16.525	cubbins:0	olmo_core.train.callbacks.console_logger:61	INFO	[step=21/250,epoch=1]
2026-07-13 20:37:16.919	cubbins:0	olmo_core.train.callbacks.console_logger:61	INFO	[step=22/250,epoch=1]
2026-07-13 20:37:17.314	cubbins:0	olmo_core.train.callbacks.console_logger:61	INFO	[step=23/250,epoch=1]
2026-07-13 20:37:17.708	cubbins:0	olmo_core.train.callbacks.console_logger:61	INFO	[step=24/250,epoch=1]
2026-07-13 20:37:18.103	cubbins:0	olmo_core.train.callbacks.console_logger:61	INFO	[step=25/250,epoch=1]
2026-07-13 20:37:18.521	cubbins:0	olmo_core.train.callbacks.console_logger:61	INFO	[step=26/250,epoch=1]
2026-07-13 20:37:18.914	cubbins:0	olmo_core.train.callbacks.console_logger:61	INFO	[step=27/250,epoch=1]
2026-07-13 20:37:19.307	cubbins:0	olmo_core.train.callbacks.console_logger:61	INFO	[step=28/250,epoch=1]
2026-07-13 20:37:19.700	cubbins:0	olmo_core.train.callbacks.console_logger:61	INFO	[step=29/250,epoch=1]
2026-07-13 20:37:20.149	cubbins:0	olmo_core.train.callbacks.console_logger:68	INFO	[step=30/250,epoch=1,eta=1m(hard stop)]
    gpu_memory/GPU active mem (%)=18.65
    gpu_memory/GPU active mem (GiB)=26.07
    gpu_memory/GPU reserved mem (%)=21.71
    gpu_memory/GPU reserved mem (GiB)=30.36
    optim/LR (group 0)=4.55E-05
    optim/LR (group 1)=4.55E-05
    optim/step skipped=0.0
    optim/total grad norm=4.576
    throughput/chinchilla multiple=0.0001
    throughput/device/BPS=2.386
    throughput/device/BPS (actual avg)=2.516
    throughput/device/MFU=73.35
    throughput/device/MFU (actual avg)=77.34
    throughput/device/TPS=29,324
    throughput/device/TPS (actual avg)=30,919
    throughput/device/flopsPS=228.8T
    throughput/device/flopsPS (actual avg)=241.3T
    throughput/total petaflops=11.51
    throughput/total tokens=1,474,560
    train/CE loss=0.8206
    throughput/device/data loading (%)=0.1897
    throughput/device/data loading (s)=0.0008
    train/PPL=2.272
2026-07-13 20:37:20.526	cubbins:0	olmo_core.train.callbacks.console_logger:61	INFO	[step=31/250,epoch=1]
2026-07-13 20:37:20.921	cubbins:0	olmo_core.train.callbacks.console_logger:61	INFO	[step=32/250,epoch=1]
2026-07-13 20:37:21.318	cubbins:0	olmo_core.train.callbacks.console_logger:61	INFO	[step=33/250,epoch=1]
2026-07-13 20:37:21.712	cubbins:0	olmo_core.train.callbacks.console_logger:61	INFO	[step=34/250,epoch=1]
2026-07-13 20:37:22.108	cubbins:0	olmo_core.train.callbacks.console_logger:61	INFO	[step=35/250,epoch=1]
2026-07-13 20:37:22.502	cubbins:0	olmo_core.train.callbacks.console_logger:61	INFO	[step=36/250,epoch=1]
2026-07-13 20:37:22.900	cubbins:0	olmo_core.train.callbacks.console_logger:61	INFO	[step=37/250,epoch=1]
2026-07-13 20:37:23.307	cubbins:0	olmo_core.train.callbacks.console_logger:61	INFO	[step=38/250,epoch=1]
2026-07-13 20:37:23.713	cubbins:0	olmo_core.train.callbacks.console_logger:61	INFO	[step=39/250,epoch=1]
2026-07-13 20:37:24.128	cubbins:0	olmo_core.train.trainer:969	INFO	Saving checkpoint for step 40 to '/data/prasann/olmo_ckpts/_bench/bench-n100-full/step40'...
2026-07-13 20:37:24.128	cubbins:0	olmo_core.train.trainer:1361	INFO	Waiting for bookkeeping ops to finish: 'reduce_metrics' (3 ops)...
2026-07-13 20:37:24.128	cubbins:0	olmo_core.train.trainer:1361	INFO	Waiting for bookkeeping ops to finish: 'Trainer._check_if_canceled' (2 ops)...
2026-07-13 20:37:24.135	cubbins:0	olmo_core.train.callbacks.console_logger:68	INFO	[step=40/250,epoch=1]
    gpu_memory/GPU active mem (%)=18.65
    gpu_memory/GPU active mem (GiB)=26.07
    gpu_memory/GPU reserved mem (%)=21.71
    gpu_memory/GPU reserved mem (GiB)=30.36
    optim/LR (group 0)=4.34E-05
    optim/LR (group 1)=4.34E-05
    optim/step skipped=0.0
    optim/total grad norm=3.303
    throughput/chinchilla multiple=0.0002
    throughput/device/BPS=2.521
    throughput/device/BPS (actual avg)=2.514
    throughput/device/MFU=77.48
    throughput/device/MFU (actual avg)=77.26
    throughput/device/TPS=30,976
    throughput/device/TPS (actual avg)=30,887
    throughput/device/flopsPS=241.7T
    throughput/device/flopsPS (actual avg)=241.0T
    throughput/total petaflops=15.34
    throughput/total tokens=1,966,080
    train/CE loss=0.8489
    throughput/device/data loading (%)=0.2026
    throughput/device/data loading (s)=0.0008
    train/PPL=2.337
2026-07-13 20:37:24.141	cubbins:0	olmo_core.train.trainer:1366	INFO	All bookkeeping ops complete
2026-07-13 20:37:30.523	cubbins:0	olmo_core.train.callbacks.config_saver:62	WARNING	Config not set on ConfigSaverCallback, doing nothing
2026-07-13 20:37:30.729	cubbins:0	olmo_core.train.trainer:989	INFO	Checkpoint saved
2026-07-13 20:37:30.730	cubbins:0	olmo_core.train.trainer:1361	INFO	Waiting for bookkeeping ops to finish: 'reduce_metrics' (1 ops)...
2026-07-13 20:37:31.136	cubbins:0	olmo_core.train.callbacks.console_logger:68	INFO	[step=40/250,epoch=1]
    checkpoint/save_duration_s=6.835
2026-07-13 20:37:31.136	cubbins:0	olmo_core.train.trainer:1366	INFO	All bookkeeping ops complete
2026-07-13 20:37:31.609	cubbins:0	olmo_core.train.trainer:763	INFO	Training complete
